<!DOCTYPE html>
<html lang="en">
<head>
    <meta http-equiv="refresh" content="0;URL=../../../napi_sys/Status/constant.napi_array_expected.html">
    <title>Redirection</title>
</head>
<body>
    <p>Redirecting to <a href="../../../napi_sys/Status/constant.napi_array_expected.html">../../../napi_sys/Status/constant.napi_array_expected.html</a>...</p>
    <script>location.replace("../../../napi_sys/Status/constant.napi_array_expected.html" + location.search + location.hash);</script>
</body>
</html>